Creating test database for alias 'default' ('file:memorydb_default?mode=memory&cache=shared')...
Found 5 test(s).
Operations to perform:
  Synchronize unmigrated apps: messages, rest_framework, staticfiles, strategy
  Apply all migrations: admin, auth, companies, contacts, contenttypes, core, emailing, events, facts, inferences, lead_research, opportunities, recommendations, sessions, tasks, updates
Synchronizing apps without migrations:
  Creating tables...
    Running deferred SQL...
Running migrations:
  Applying contenttypes.0001_initial... OK
  Applying auth.0001_initial... OK
  Applying admin.0001_initial... OK
  Applying admin.0002_logentry_remove_auto_add... OK
  Applying admin.0003_logentry_add_action_flag_choices... OK
  Applying contenttypes.0002_remove_content_type_name... OK
  Applying auth.0002_alter_permission_name_max_length... OK
  Applying auth.0003_alter_user_email_max_length... OK
  Applying auth.0004_alter_user_username_opts... OK
  Applying auth.0005_alter_user_last_login_null... OK
  Applying auth.0006_require_contenttypes_0002... OK
  Applying auth.0007_alter_validators_add_error_messages... OK
  Applying auth.0008_alter_user_username_max_length... OK
  Applying auth.0009_alter_user_last_name_max_length... OK
  Applying auth.0010_alter_group_name_max_length... OK
  Applying auth.0011_update_proxy_permissions... OK
  Applying auth.0012_alter_user_first_name_max_length... OK
  Applying companies.0001_initial... OK
  Applying contacts.0001_initial... OK
  Applying core.0001_initial... OK
  Applying recommendations.0001_initial... OK
  Applying recommendations.0002_alter_airecommendation_status... OK
  Applying tasks.0001_initial... OK
  Applying opportunities.0001_initial... OK
  Applying opportunities.0002_initial... OK
  Applying opportunities.0003_opportunity_source_recommendation... OK
  Applying opportunities.0004_opportunity_last_analyzed_at... OK
  Applying emailing.0001_initial... OK
  Applying emailing.0002_remove_emailthread_linked_company_and_more... OK
  Applying emailing.0003_alter_outboundemail_options_and_more... OK
  Applying emailing.0004_outboundemail_email_type... OK
  Applying emailing.0005_inboundemail... OK
  Applying emailing.0006_outboundemail_source_inbound... OK
  Applying emailing.0007_inboundinterpretation_inbounddecision... OK
  Applying emailing.0008_outboundemail_source_recommendation... OK
  Applying emailing.0008_inbounddecision_automation_fields... OK
  Applying emailing.0009_merge_0008_emailing_branches... OK
  Applying events.0001_initial... OK
  Applying events.0002_activityevent_delete_event... OK
  Applying facts.0001_initial... OK
  Applying inferences.0001_initial... OK
  Applying lead_research.0001_initial... OK
  Applying recommendations.0003_airecommendation_source... OK
  Applying sessions.0001_initial... OK
  Applying tasks.0002_alter_crmtask_task_type... OK
  Applying tasks.0003_crmtask_opportunity_crmtask_source_and_more... OK
  Applying tasks.0004_crmtask_is_revoked... OK
  Applying updates.0001_initial...test_compute_score_returns_weighted_total (apps.recommendations.tests_nba.NBATests.test_compute_score_returns_weighted_total) ... ok
test_get_next_best_action_explained_returns_breakdown_and_alternatives (apps.recommendations.tests_nba.NBATests.test_get_next_best_action_explained_returns_breakdown_and_alternatives) ... ok
test_get_next_best_action_explained_returns_none_for_empty_queryset (apps.recommendations.tests_nba.NBATests.test_get_next_best_action_explained_returns_none_for_empty_queryset) ... ok
test_get_next_best_action_returns_highest_scored_recommendation (apps.recommendations.tests_nba.NBATests.test_get_next_best_action_returns_highest_scored_recommendation) ... ok
test_get_score_breakdown_exposes_all_components (apps.recommendations.tests_nba.NBATests.test_get_score_breakdown_exposes_all_components) ... ok

----------------------------------------------------------------------
Ran 5 tests in 0.009s

OK
Destroying test database for alias 'default' ('file:memorydb_default?mode=memory&cache=shared')...
 OK
System check identified no issues (0 silenced).
